// Jest Snapshot v1, https://goo.gl/fbAQLP

exports[`Expense Dash Board Component Render Test :  1`] = `
<div>
  <Connect(ExpensesSummary) />
  <Connect(ExpenseListFilter) />
  <Connect(ExpensesList) />
</div>
`;
