// Jest Snapshot v1, https://goo.gl/fbAQLP

exports[`Expense List Item Componenet Test :  1`] = `
<Link
  className="list_item"
  to="/edit/1"
>
  <div>
    <h3
      className="list_item__title"
    >
       
      lGum
       
    </h3>
    <span
      className="list_item__subtitle"
    >
       January 1st - 1970
    </span>
  </div>
  <h3
    className="list_item__amount"
  >
    $50
  </h3>
</Link>
`;
