// Jest Snapshot v1, https://goo.gl/fbAQLP

exports[`Header Component Render Test: 1`] = `
<div>
  <h1>
     Expensify React Application
  </h1>
  <div>
    <NavLink
      activeClassName="is-active"
      to="/Dashboard"
    >
       
      Home
       
    </NavLink>
    <NavLink
      activeClassName="is-active"
      to="create"
    >
       
      Add Expense
       
    </NavLink>
  </div>
  <button
    onClick={[Function]}
  >
    Logout
  </button>
</div>
`;
