// Jest Snapshot v1, https://goo.gl/fbAQLP

exports[`Snapshot test for loader GIF 1`] = `
<div
  className="loader"
>
  <img
    className="loader_image"
    src="/images/loader.gif"
  />
</div>
`;
