// Jest Snapshot v1, https://goo.gl/fbAQLP

exports[`Not Found Component Test :  1`] = `
<div>
  404!! 
  <Link
    to="/"
  >
    Home Page
  </Link>
</div>
`;
